TAP version 13
# Subtest: included hooksPath " " remains configured and untouched
not ok 1 - included hooksPath " " remains configured and untouched
  ---
  duration_ms: 268.402703
  type: 'test'
  location: '/workspace/scratch/df37e4e44cce/wave-hooks/tests-js/evidence/prepare-hooks-owner/whitespace-hooks.test.mjs:12:3'
  failureType: 'testCodeFailure'
  error: '/tmp/hooks presence dHd6hR/repo/ /pre-commit changed'
  code: 'ERR_ASSERTION'
  name: 'AssertionError'
  expected: true
  actual: false
  operator: '=='
  stack: |-
    file:///workspace/scratch/df37e4e44cce/wave-hooks/tests-js/evidence/prepare-hooks-owner/whitespace-hooks.test.mjs:43:41
    Array.forEach (<anonymous>)
    TestContext.<anonymous> (file:///workspace/scratch/df37e4e44cce/wave-hooks/tests-js/evidence/prepare-hooks-owner/whitespace-hooks.test.mjs:43:13)
    Test.runInAsyncScope (node:async_hooks:227:14)
    Test.run (node:internal/test_runner/test:1382:25)
    Test.start (node:internal/test_runner/test:1242:17)
    startSubtestAfterBootstrap (node:internal/test_runner/harness:387:17)
  ...
# Subtest: included hooksPath "" remains configured and untouched
not ok 2 - included hooksPath "" remains configured and untouched
  ---
  duration_ms: 289.431285
  type: 'test'
  location: '/workspace/scratch/df37e4e44cce/wave-hooks/tests-js/evidence/prepare-hooks-owner/whitespace-hooks.test.mjs:12:3'
  failureType: 'testCodeFailure'
  error: |-
    The input did not match the regular expression /^prepare: custom core.hooksPath set, skipping lefthook install$/m. Input:

    '\n' +
      '> fixture@1.0.0 prepare\n' +
      `> node -e "const{existsSync:e}=require('fs'),{spawnSync:s}=require('child_process');if(!e('.git'))process.exit(0);try{if(String((s('git',['config','--get','core.hooksPath'],{encoding:'utf8',stdio:'pipe'}).stdout||'')).trim()){console.log('prepare: custom core.hooksPath set, skipping lefthook install');process.exit(0)}}catch{};const r=s('lefthook',['install'],{stdio:'inherit',shell:true});if((r.status??1)!==0)console.warn('prepare: lefthook install failed, continuing without git hooks')"\n` +
      '\n' +
      '│  > git rev-parse --path-format=absolute --show-toplevel --git-path hooks --git-path info --git-dir\n' +
      '│    fatal: The empty string is not a valid path                                                    \n' +
      '│                                                                                                   \n'

  code: 'ERR_ASSERTION'
  name: 'AssertionError'
  expected:
  actual: |-

    > fixture@1.0.0 prepare
    > node -e "const{existsSync:e}=require('fs'),{spawnSync:s}=require('child_process');if(!e('.git'))process.exit(0);try{if(String((s('git',['config','--get','core.hooksPath'],{encoding:'utf8',stdio:'pipe'}).stdout||'')).trim()){console.log('prepare: custom core.hooksPath set, skipping lefthook install');process.exit(0)}}catch{};const r=s('lefthook',['install'],{stdio:'inherit',shell:true});if((r.status??1)!==0)console.warn('prepare: lefthook install failed, continuing without git hooks')"

    │  > git rev-parse --path-format=absolute --show-toplevel --git-path hooks --git-path info --git-dir
    │    fatal: The empty string is not a valid path
    │

  operator: 'match'
  stack: |-
    TestContext.<anonymous> (file:///workspace/scratch/df37e4e44cce/wave-hooks/tests-js/evidence/prepare-hooks-owner/whitespace-hooks.test.mjs:46:14)
    Test.runInAsyncScope (node:async_hooks:227:14)
    Test.run (node:internal/test_runner/test:1382:25)
    Test.processPendingSubtests (node:internal/test_runner/test:960:18)
    Test.postRun (node:internal/test_runner/test:1522:19)
    Test.run (node:internal/test_runner/test:1447:12)
    async startSubtestAfterBootstrap (node:internal/test_runner/harness:387:3)
  ...
1..2
# tests 2
# suites 0
# pass 0
# fail 2
# cancelled 0
# skipped 0
# todo 0
# duration_ms 683.272112
